\BOOKMARK [0][-]{chapter.1}{\376\377\000I\000n\000t\000r\000o\000d\000u\000c\000t\000i\000o\000n}{}% 1
\BOOKMARK [1][-]{section.1.1}{\376\377\000P\000r\000o\000j\000e\000c\000t\000\040\000B\000a\000c\000k\000g\000r\000o\000u\000n\000d}{chapter.1}% 2
\BOOKMARK [1][-]{section.1.2}{\376\377\000P\000r\000o\000b\000l\000e\000m\000\040\000S\000t\000a\000t\000e\000m\000e\000n\000t}{chapter.1}% 3
\BOOKMARK [1][-]{section.1.3}{\376\377\000O\000b\000j\000e\000c\000t\000i\000v\000e\000s}{chapter.1}% 4
\BOOKMARK [1][-]{section.1.4}{\376\377\000S\000c\000o\000p\000e}{chapter.1}% 5
\BOOKMARK [0][-]{chapter.2}{\376\377\000L\000i\000t\000e\000r\000a\000t\000u\000r\000e\000\040\000a\000n\000d\000\040\000M\000o\000t\000i\000v\000a\000t\000i\000o\000n}{}% 6
\BOOKMARK [1][-]{section.2.1}{\376\377\000O\000n\000l\000i\000n\000e\000\040\000R\000a\000t\000i\000n\000g\000\040\000S\000y\000s\000t\000e\000m\000s}{chapter.2}% 7
\BOOKMARK [1][-]{section.2.2}{\376\377\000K\000n\000o\000w\000l\000e\000d\000g\000e\000\040\000T\000r\000a\000c\000i\000n\000g}{chapter.2}% 8
\BOOKMARK [1][-]{section.2.3}{\376\377\000G\000r\000a\000p\000h\000-\000B\000a\000s\000e\000d\000\040\000L\000e\000a\000r\000n\000i\000n\000g}{chapter.2}% 9
\BOOKMARK [1][-]{section.2.4}{\376\377\000M\000o\000t\000i\000v\000a\000t\000i\000o\000n\000\040\000f\000o\000r\000\040\000D\000A\000R\000S}{chapter.2}% 10
\BOOKMARK [0][-]{chapter.3}{\376\377\000S\000y\000s\000t\000e\000m\000\040\000R\000e\000q\000u\000i\000r\000e\000m\000e\000n\000t\000s}{}% 11
\BOOKMARK [1][-]{section.3.1}{\376\377\000F\000u\000n\000c\000t\000i\000o\000n\000a\000l\000\040\000R\000e\000q\000u\000i\000r\000e\000m\000e\000n\000t\000s}{chapter.3}% 12
\BOOKMARK [1][-]{section.3.2}{\376\377\000N\000o\000n\000-\000F\000u\000n\000c\000t\000i\000o\000n\000a\000l\000\040\000R\000e\000q\000u\000i\000r\000e\000m\000e\000n\000t\000s}{chapter.3}% 13
\BOOKMARK [0][-]{chapter.4}{\376\377\000T\000e\000c\000h\000n\000o\000l\000o\000g\000y\000\040\000S\000t\000a\000c\000k}{}% 14
\BOOKMARK [1][-]{section.4.1}{\376\377\000F\000r\000o\000n\000t\000e\000n\000d}{chapter.4}% 15
\BOOKMARK [1][-]{section.4.2}{\376\377\000B\000a\000c\000k\000e\000n\000d\000\040\000a\000n\000d\000\040\000S\000t\000o\000r\000a\000g\000e}{chapter.4}% 16
\BOOKMARK [1][-]{section.4.3}{\376\377\000R\000e\000s\000e\000a\000r\000c\000h\000\040\000a\000n\000d\000\040\000D\000a\000t\000a\000\040\000T\000o\000o\000l\000s}{chapter.4}% 17
\BOOKMARK [0][-]{chapter.5}{\376\377\000S\000y\000s\000t\000e\000m\000\040\000A\000r\000c\000h\000i\000t\000e\000c\000t\000u\000r\000e}{}% 18
\BOOKMARK [1][-]{section.5.1}{\376\377\000H\000i\000g\000h\000-\000L\000e\000v\000e\000l\000\040\000A\000r\000c\000h\000i\000t\000e\000c\000t\000u\000r\000e}{chapter.5}% 19
\BOOKMARK [1][-]{section.5.2}{\376\377\000M\000a\000j\000o\000r\000\040\000S\000o\000u\000r\000c\000e\000\040\000M\000o\000d\000u\000l\000e\000s}{chapter.5}% 20
\BOOKMARK [0][-]{chapter.6}{\376\377\000D\000y\000n\000a\000m\000i\000c\000\040\000A\000d\000a\000p\000t\000i\000v\000e\000\040\000R\000a\000t\000i\000n\000g\000\040\000S\000y\000s\000t\000e\000m}{}% 21
\BOOKMARK [1][-]{section.6.1}{\376\377\000L\000e\000a\000r\000n\000e\000r\000\040\000S\000t\000a\000t\000e}{chapter.6}% 22
\BOOKMARK [1][-]{section.6.2}{\376\377\000D\000y\000n\000a\000m\000i\000c\000\040\000K\000\040\000F\000a\000c\000t\000o\000r}{chapter.6}% 23
\BOOKMARK [1][-]{section.6.3}{\376\377\000P\000e\000r\000f\000o\000r\000m\000a\000n\000c\000e\000\040\000Q\000u\000a\000l\000i\000t\000y}{chapter.6}% 24
\BOOKMARK [1][-]{section.6.4}{\376\377\000R\000a\000p\000i\000d\000-\000G\000u\000e\000s\000s\000\040\000D\000e\000t\000e\000c\000t\000i\000o\000n}{chapter.6}% 25
\BOOKMARK [1][-]{section.6.5}{\376\377\000F\000i\000n\000a\000l\000\040\000R\000a\000t\000i\000n\000g\000\040\000U\000p\000d\000a\000t\000e}{chapter.6}% 26
\BOOKMARK [0][-]{chapter.7}{\376\377\000G\000r\000a\000p\000h\000-\000G\000u\000i\000d\000e\000d\000\040\000R\000e\000c\000o\000m\000m\000e\000n\000d\000a\000t\000i\000o\000n}{}% 27
\BOOKMARK [1][-]{section.7.1}{\376\377\000Q\000u\000e\000s\000t\000i\000o\000n\000\040\000G\000r\000a\000p\000h}{chapter.7}% 28
\BOOKMARK [1][-]{section.7.2}{\376\377\000C\000a\000n\000d\000i\000d\000a\000t\000e\000\040\000S\000e\000l\000e\000c\000t\000i\000o\000n}{chapter.7}% 29
\BOOKMARK [1][-]{section.7.3}{\376\377\000S\000c\000o\000r\000i\000n\000g}{chapter.7}% 30
\BOOKMARK [0][-]{chapter.8}{\376\377\000D\000a\000t\000a\000s\000e\000t\000\040\000G\000e\000n\000e\000r\000a\000t\000i\000o\000n}{}% 31
\BOOKMARK [1][-]{section.8.1}{\376\377\000B\000o\000t\000\040\000S\000t\000u\000d\000e\000n\000t\000s}{chapter.8}% 32
\BOOKMARK [1][-]{section.8.2}{\376\377\000G\000e\000n\000e\000r\000a\000t\000e\000d\000\040\000F\000i\000l\000e\000s}{chapter.8}% 33
\BOOKMARK [1][-]{section.8.3}{\376\377\000P\000e\000r\000s\000o\000n\000a\000s}{chapter.8}% 34
\BOOKMARK [0][-]{chapter.9}{\376\377\000E\000x\000p\000e\000r\000i\000m\000e\000n\000t\000a\000l\000\040\000M\000e\000t\000h\000o\000d\000o\000l\000o\000g\000y}{}% 35
\BOOKMARK [1][-]{section.9.1}{\376\377\000P\000r\000e\000p\000r\000o\000c\000e\000s\000s\000i\000n\000g}{chapter.9}% 36
\BOOKMARK [1][-]{section.9.2}{\376\377\000T\000r\000a\000i\000n\000-\000T\000e\000s\000t\000\040\000S\000p\000l\000i\000t\000s}{chapter.9}% 37
\BOOKMARK [1][-]{section.9.3}{\376\377\000B\000a\000s\000e\000l\000i\000n\000e\000s}{chapter.9}% 38
\BOOKMARK [1][-]{section.9.4}{\376\377\000M\000e\000t\000r\000i\000c\000s}{chapter.9}% 39
\BOOKMARK [0][-]{chapter.10}{\376\377\000R\000e\000s\000u\000l\000t\000s\000\040\000a\000n\000d\000\040\000A\000n\000a\000l\000y\000s\000i\000s}{}% 40
\BOOKMARK [1][-]{section.10.1}{\376\377\000M\000o\000d\000e\000l\000\040\000C\000o\000m\000p\000a\000r\000i\000s\000o\000n}{chapter.10}% 41
\BOOKMARK [1][-]{section.10.2}{\376\377\000B\000o\000o\000t\000s\000t\000r\000a\000p\000\040\000C\000o\000n\000f\000i\000d\000e\000n\000c\000e}{chapter.10}% 42
\BOOKMARK [1][-]{section.10.3}{\376\377\000T\000e\000m\000p\000o\000r\000a\000l\000\040\000V\000a\000l\000i\000d\000a\000t\000i\000o\000n}{chapter.10}% 43
\BOOKMARK [1][-]{section.10.4}{\376\377\000G\000r\000a\000p\000h\000\040\000R\000o\000u\000t\000i\000n\000g}{chapter.10}% 44
\BOOKMARK [1][-]{section.10.5}{\376\377\000R\000e\000m\000e\000d\000i\000a\000t\000i\000o\000n}{chapter.10}% 45
\BOOKMARK [0][-]{chapter.11}{\376\377\000I\000m\000p\000l\000e\000m\000e\000n\000t\000a\000t\000i\000o\000n\000\040\000D\000e\000t\000a\000i\000l\000s}{}% 46
\BOOKMARK [1][-]{section.11.1}{\376\377\000F\000r\000o\000n\000t\000e\000n\000d\000\040\000I\000m\000p\000l\000e\000m\000e\000n\000t\000a\000t\000i\000o\000n}{chapter.11}% 47
\BOOKMARK [1][-]{section.11.2}{\376\377\000B\000a\000c\000k\000e\000n\000d\000\040\000I\000n\000t\000e\000g\000r\000a\000t\000i\000o\000n}{chapter.11}% 48
\BOOKMARK [1][-]{section.11.3}{\376\377\000N\000o\000t\000e\000b\000o\000o\000k\000\040\000a\000n\000d\000\040\000R\000e\000p\000o\000r\000t\000\040\000P\000i\000p\000e\000l\000i\000n\000e}{chapter.11}% 49
\BOOKMARK [0][-]{chapter.12}{\376\377\000T\000e\000s\000t\000i\000n\000g\000\040\000a\000n\000d\000\040\000V\000e\000r\000i\000f\000i\000c\000a\000t\000i\000o\000n}{}% 50
\BOOKMARK [1][-]{section.12.1}{\376\377\000A\000u\000t\000o\000m\000a\000t\000e\000d\000\040\000T\000e\000s\000t\000s}{chapter.12}% 51
\BOOKMARK [1][-]{section.12.2}{\376\377\000D\000a\000t\000a\000s\000e\000t\000\040\000V\000e\000r\000i\000f\000i\000c\000a\000t\000i\000o\000n}{chapter.12}% 52
\BOOKMARK [1][-]{section.12.3}{\376\377\000N\000o\000t\000e\000b\000o\000o\000k\000\040\000V\000e\000r\000i\000f\000i\000c\000a\000t\000i\000o\000n}{chapter.12}% 53
\BOOKMARK [0][-]{chapter.13}{\376\377\000I\000n\000d\000u\000s\000t\000r\000y\000\040\000R\000e\000a\000d\000i\000n\000e\000s\000s}{}% 54
\BOOKMARK [1][-]{section.13.1}{\376\377\000O\000p\000e\000r\000a\000t\000i\000o\000n\000a\000l\000\040\000V\000a\000l\000u\000e}{chapter.13}% 55
\BOOKMARK [1][-]{section.13.2}{\376\377\000T\000e\000a\000c\000h\000e\000r\000-\000F\000a\000c\000i\000n\000g\000\040\000U\000s\000e\000\040\000C\000a\000s\000e\000s}{chapter.13}% 56
\BOOKMARK [1][-]{section.13.3}{\376\377\000S\000t\000u\000d\000e\000n\000t\000-\000F\000a\000c\000i\000n\000g\000\040\000U\000s\000e\000\040\000C\000a\000s\000e\000s}{chapter.13}% 57
\BOOKMARK [0][-]{chapter.14}{\376\377\000R\000e\000s\000e\000a\000r\000c\000h\000\040\000R\000o\000a\000d\000m\000a\000p}{}% 58
\BOOKMARK [1][-]{section.14.1}{\376\377\000P\000u\000b\000l\000i\000c\000\040\000D\000a\000t\000a\000s\000e\000t\000\040\000E\000v\000a\000l\000u\000a\000t\000i\000o\000n}{chapter.14}% 59
\BOOKMARK [1][-]{section.14.2}{\376\377\000N\000e\000u\000r\000a\000l\000\040\000B\000a\000s\000e\000l\000i\000n\000e\000s}{chapter.14}% 60
\BOOKMARK [1][-]{section.14.3}{\376\377\000S\000t\000a\000t\000i\000s\000t\000i\000c\000a\000l\000\040\000T\000e\000s\000t\000i\000n\000g}{chapter.14}% 61
\BOOKMARK [1][-]{section.14.4}{\376\377\000G\000r\000a\000p\000h\000\040\000C\000o\000n\000s\000t\000r\000u\000c\000t\000i\000o\000n\000\040\000R\000e\000s\000e\000a\000r\000c\000h}{chapter.14}% 62
\BOOKMARK [0][-]{chapter.15}{\376\377\000L\000i\000m\000i\000t\000a\000t\000i\000o\000n\000s}{}% 63
\BOOKMARK [0][-]{chapter.16}{\376\377\000C\000o\000n\000c\000l\000u\000s\000i\000o\000n}{}% 64
\BOOKMARK [0][-]{appendix.A}{\376\377\000K\000e\000y\000\040\000C\000o\000m\000m\000a\000n\000d\000s}{}% 65
\BOOKMARK [0][-]{appendix.B}{\376\377\000I\000m\000p\000o\000r\000t\000a\000n\000t\000\040\000F\000i\000l\000e\000s}{}% 66
